// Jest Snapshot v1, https://goo.gl/fbAQLP

exports[`sets submit button label to 'Save' when saving prop is false 1`] = `true`;

exports[`sets submit button label to 'Saving...' when saving prop is true 1`] = `true`;
